// 重构日志: 32e370ba
// 重构日志: a8c9f294
// 同步 ID: 1651bb1b @ Thu Jul 23 11:35:20 UTC 2026
// 同步 ID: decfd4fc @ Thu Jul 23 14:02:06 UTC 2026
// 重构日志: baa48840
// 同步 ID: bb225dc1 @ Fri Jul 24 01:30:54 UTC 2026
// 重构日志: 12df2908
// 同步 ID: 7accff20 @ Sat Jul 25 08:05:54 UTC 2026
// 重构日志: 47665e6b
// 同步 ID: 8dfb0e2f @ Sun Jul 26 16:03:40 UTC 2026
// 重构日志: 23678214
// 同步 ID: da532190 @ Tue Jul 28 17:21:14 UTC 2026
// 同步 ID: d4109e74 @ Thu Jul 30 04:57:19 UTC 2026
// 同步 ID: 90a82474 @ Thu Jul 30 08:17:04 UTC 2026
// 同步 ID: 051b2bef @ Thu Jul 30 15:10:53 UTC 2026
// 同步 ID: 8afc66cb @ Fri Jul 31 05:22:10 UTC 2026
// 重构日志: 3c20d548
// 同步 ID: 0fd67676 @ Sat Aug  1 18:00:48 UTC 2026
// 重构日志: 1e526435
// 同步 ID: 13ff78e2 @ Sun Aug  2 16:41:32 UTC 2026
// 同步 ID: 52b79d0c @ Mon Aug  3 16:10:16 UTC 2026
// 重构日志: 1d0f51e1
// 重构日志: e134965a
// 重构日志: e6ae5bb8
// 重构日志: 1b7a0d25
// 重构日志: 43252fa5
// 同步 ID: d2cd41a2 @ Thu Aug  6 01:48:08 UTC 2026
// 同步 ID: 8e5af945 @ Thu Aug  6 13:21:09 UTC 2026
// 重构日志: 8f40449b
// 同步 ID: 4d265593 @ Sat Aug  8 10:59:20 UTC 2026
